#
# There is insufficient memory for the Java Runtime Environment to continue.
# Native memory allocation (mmap) failed to map 264241152 bytes. Error detail: G1 virtual space
# Possible reasons:
#   The system is out of physical RAM or swap space
#   This process is running with CompressedOops enabled, and the Java Heap may be blocking the growth of the native heap
# Possible solutions:
#   Reduce memory load on the system
#   Increase physical memory or swap space
#   Check if swap backing store is full
#   Decrease Java heap size (-Xmx/-Xms)
#   Decrease number of Java threads
#   Decrease Java thread stack sizes (-Xss)
#   Set larger code cache with -XX:ReservedCodeCacheSize=
#   JVM is running with Zero Based Compressed Oops mode in which the Java heap is
#     placed in the first 32GB address space. The Java Heap base address is the
#     maximum limit for the native heap growth. Please use -XX:HeapBaseMinAddress
#     to set the Java Heap base and to place the Java Heap above 32GB virtual address.
# This output file may be truncated or incomplete.
#
#  Out of Memory Error (os_windows.cpp:3618), pid=13664, tid=8864
#
# JRE version:  (17.0.14+7) (build )
# Java VM: OpenJDK 64-Bit Server VM (17.0.14+7-LTS, mixed mode, emulated-client, sharing, tiered, compressed oops, compressed class ptrs, g1 gc, windows-amd64)
# No core dump will be written. Minidumps are not enabled by default on client versions of Windows
#

---------------  S U M M A R Y ------------

Command Line: -XX:TieredStopAtLevel=1 -Dspring.output.ansi.enabled=always -Dcom.sun.management.jmxremote -Dspring.jmx.enabled=true -Dspring.liveBeansView.mbeanDomain -Dspring.application.admin.enabled=true -Dmanagement.endpoints.jmx.exposure.include=* -javaagent:C:\Program Files\JetBrains\IntelliJIdea2023.3\lib\idea_rt.jar=54994:C:\Program Files\JetBrains\IntelliJIdea2023.3\bin -Dfile.encoding=UTF-8 com.upgrade.store.OnlineStoreApplication

Host: 11th Gen Intel(R) Core(TM) i7-11800H @ 2.30GHz, 16 cores, 15G,  Windows 11 , 64 bit Build 26100 (10.0.26100.3775)
Time: Mon May 26 20:35:15 2025  Windows 11 , 64 bit Build 26100 (10.0.26100.3775) elapsed time: 0.009712 seconds (0d 0h 0m 0s)

---------------  T H R E A D  ---------------

Current thread (0x000001d5f0dc8260):  JavaThread "Unknown thread" [_thread_in_vm, id=8864, stack(0x00000082bff00000,0x00000082c0000000)]

Stack: [0x00000082bff00000,0x00000082c0000000]
Native frames: (J=compiled Java code, j=interpreted, Vv=VM code, C=native code)
V  [jvm.dll+0x681069]
V  [jvm.dll+0x838cca]
V  [jvm.dll+0x83a78e]
V  [jvm.dll+0x83adf3]
V  [jvm.dll+0x24826f]
V  [jvm.dll+0x67dd99]
V  [jvm.dll+0x67286a]
V  [jvm.dll+0x30826b]
V  [jvm.dll+0x30f756]
V  [jvm.dll+0x35face]
V  [jvm.dll+0x35fd0f]
V  [jvm.dll+0x2df21c]
V  [jvm.dll+0x2e0174]
V  [jvm.dll+0x80a48b]
V  [jvm.dll+0x36d841]
V  [jvm.dll+0x7e8db5]
V  [jvm.dll+0x3f154f]
V  [jvm.dll+0x3f30c1]
C  [jli.dll+0x52ab]
C  [ucrtbase.dll+0x37b0]
C  [KERNEL32.DLL+0x2e8d7]
C  [ntdll.dll+0xb14fc]


---------------  P R O C E S S  ---------------

Threads class SMR info:
_java_thread_list=0x00007ffc6d408f18, length=0, elements={
}

Java Threads: ( => current thread )

Other Threads:
  0x000001d5f0e32e60 GCTaskThread "GC Thread#0" [stack: 0x00000082c0000000,0x00000082c0100000] [id=9224]
  0x000001d5f0e43970 ConcurrentGCThread "G1 Main Marker" [stack: 0x00000082c0100000,0x00000082c0200000] [id=21944]
  0x000001d5f0e45060 ConcurrentGCThread "G1 Conc#0" [stack: 0x00000082c0200000,0x00000082c0300000] [id=11444]

[error occurred during error reporting (printing all threads), id 0xc0000005, EXCEPTION_ACCESS_VIOLATION (0xc0000005) at pc=0x00007ffc6cbbf957]

VM state: not at safepoint (not fully initialized)

VM Mutex/Monitor currently owned by a thread:  ([mutex/lock_event])
[0x000001d5f0db0a60] Heap_lock - owner thread: 0x000001d5f0dc8260

Heap address: 0x0000000704400000, size: 4028 MB, Compressed Oops mode: Zero based, Oop shift amount: 3

CDS archive(s) mapped at: [0x0000000000000000-0x0000000000000000-0x0000000000000000), size 0, SharedBaseAddress: 0x0000000800000000, ArchiveRelocationMode: 1.
Narrow klass base: 0x0000000000000000, Narrow klass shift: 0, Narrow klass range: 0x0

GC Precious Log:
<Empty>

Heap:
 garbage-first heap   total 0K, used 0K [0x0000000704400000, 0x0000000800000000)
  region size 2048K, 0 young (0K), 0 survivors (0K)

[error occurred during error reporting (printing heap information), id 0xc0000005, EXCEPTION_ACCESS_VIOLATION (0xc0000005) at pc=0x00007ffc6cfaa2b9]

GC Heap History (0 events):
No events

Dll operation events (1 events):
Event: 0.006 Loaded shared library C:\Users\MyLaptop\.jdks\corretto-17.0.14\bin\java.dll

Deoptimization events (0 events):
No events

Classes loaded (0 events):
No events

Classes unloaded (0 events):
No events

Classes redefined (0 events):
No events

Internal exceptions (0 events):
No events

VM Operations (0 events):
No events

Memory protections (0 events):
No events

Nmethod flushes (0 events):
No events

Events (0 events):
No events


Dynamic libraries:
0x00007ff792c50000 - 0x00007ff792c5e000 	C:\Users\MyLaptop\.jdks\corretto-17.0.14\bin\java.exe
0x00007ffca76c0000 - 0x00007ffca7920000 	C:\WINDOWS\SYSTEM32\ntdll.dll
0x00007ffca6740000 - 0x00007ffca6807000 	C:\WINDOWS\System32\KERNEL32.DLL
0x00007ffca4e00000 - 0x00007ffca51ca000 	C:\WINDOWS\System32\KERNELBASE.dll
0x00007ffca51d0000 - 0x00007ffca531b000 	C:\WINDOWS\System32\ucrtbase.dll
0x00007ffc91c80000 - 0x00007ffc91c97000 	C:\Users\MyLaptop\.jdks\corretto-17.0.14\bin\jli.dll
0x00007ffc906f0000 - 0x00007ffc9070b000 	C:\Users\MyLaptop\.jdks\corretto-17.0.14\bin\VCRUNTIME140.dll
0x00007ffca5d30000 - 0x00007ffca5efc000 	C:\WINDOWS\System32\USER32.dll
0x00007ffca5490000 - 0x00007ffca54b7000 	C:\WINDOWS\System32\win32u.dll
0x00007ffc85a30000 - 0x00007ffc85cc7000 	C:\WINDOWS\WinSxS\amd64_microsoft.windows.common-controls_6595b64144ccf1df_6.0.26100.3624_none_3e086962e3345f24\COMCTL32.dll
0x00007ffca73b0000 - 0x00007ffca73da000 	C:\WINDOWS\System32\GDI32.dll
0x00007ffca74f0000 - 0x00007ffca7599000 	C:\WINDOWS\System32\msvcrt.dll
0x00007ffca4b40000 - 0x00007ffca4c71000 	C:\WINDOWS\System32\gdi32full.dll
0x00007ffca4940000 - 0x00007ffca49e3000 	C:\WINDOWS\System32\msvcp_win.dll
0x00007ffca5fc0000 - 0x00007ffca5fef000 	C:\WINDOWS\System32\IMM32.DLL
0x00007ffc9cf80000 - 0x00007ffc9cf8c000 	C:\Users\MyLaptop\.jdks\corretto-17.0.14\bin\vcruntime140_1.dll
0x00007ffc79180000 - 0x00007ffc7920d000 	C:\Users\MyLaptop\.jdks\corretto-17.0.14\bin\msvcp140.dll
0x00007ffc6c8d0000 - 0x00007ffc6d53c000 	C:\Users\MyLaptop\.jdks\corretto-17.0.14\bin\server\jvm.dll
0x00007ffca6520000 - 0x00007ffca65d2000 	C:\WINDOWS\System32\ADVAPI32.dll
0x00007ffca5f00000 - 0x00007ffca5fa6000 	C:\WINDOWS\System32\sechost.dll
0x00007ffca6f80000 - 0x00007ffca7096000 	C:\WINDOWS\System32\RPCRT4.dll
0x00007ffca6dc0000 - 0x00007ffca6e34000 	C:\WINDOWS\System32\WS2_32.dll
0x00007ffca34d0000 - 0x00007ffca352e000 	C:\WINDOWS\SYSTEM32\POWRPROF.dll
0x00007ffc96470000 - 0x00007ffc964a6000 	C:\WINDOWS\SYSTEM32\WINMM.dll
0x00007ffc99ce0000 - 0x00007ffc99ceb000 	C:\WINDOWS\SYSTEM32\VERSION.dll
0x00007ffca34b0000 - 0x00007ffca34c4000 	C:\WINDOWS\SYSTEM32\UMPDC.dll
0x00007ffca3790000 - 0x00007ffca37aa000 	C:\WINDOWS\SYSTEM32\kernel.appcore.dll
0x00007ffc9ce50000 - 0x00007ffc9ce5a000 	C:\Users\MyLaptop\.jdks\corretto-17.0.14\bin\jimage.dll
0x00007ffca2060000 - 0x00007ffca22a1000 	C:\WINDOWS\SYSTEM32\DBGHELP.DLL
0x00007ffca6a10000 - 0x00007ffca6d92000 	C:\WINDOWS\System32\combase.dll
0x00007ffca75a0000 - 0x00007ffca7676000 	C:\WINDOWS\System32\OLEAUT32.dll
0x00007ffc7f060000 - 0x00007ffc7f099000 	C:\WINDOWS\SYSTEM32\dbgcore.DLL
0x00007ffca48a0000 - 0x00007ffca4939000 	C:\WINDOWS\System32\bcryptPrimitives.dll
0x00007ffc906c0000 - 0x00007ffc906ce000 	C:\Users\MyLaptop\.jdks\corretto-17.0.14\bin\instrument.dll
0x00007ffc8a710000 - 0x00007ffc8a735000 	C:\Users\MyLaptop\.jdks\corretto-17.0.14\bin\java.dll

dbghelp: loaded successfully - version: 4.0.5 - missing functions: none
symbol engine: initialized successfully - sym options: 0x614 - pdb path: .;C:\Users\MyLaptop\.jdks\corretto-17.0.14\bin;C:\WINDOWS\SYSTEM32;C:\WINDOWS\WinSxS\amd64_microsoft.windows.common-controls_6595b64144ccf1df_6.0.26100.3624_none_3e086962e3345f24;C:\Users\MyLaptop\.jdks\corretto-17.0.14\bin\server

VM Arguments:
jvm_args: -XX:TieredStopAtLevel=1 -Dspring.output.ansi.enabled=always -Dcom.sun.management.jmxremote -Dspring.jmx.enabled=true -Dspring.liveBeansView.mbeanDomain -Dspring.application.admin.enabled=true -Dmanagement.endpoints.jmx.exposure.include=* -javaagent:C:\Program Files\JetBrains\IntelliJIdea2023.3\lib\idea_rt.jar=54994:C:\Program Files\JetBrains\IntelliJIdea2023.3\bin -Dfile.encoding=UTF-8 
java_command: com.upgrade.store.OnlineStoreApplication
java_class_path (initial): D:\IT Academy\online store\target\classes;C:\Users\MyLaptop\.m2\repository\org\springframework\boot\spring-boot-starter-data-jpa\3.5.0\spring-boot-starter-data-jpa-3.5.0.jar;C:\Users\MyLaptop\.m2\repository\org\springframework\boot\spring-boot-starter\3.5.0\spring-boot-starter-3.5.0.jar;C:\Users\MyLaptop\.m2\repository\org\springframework\boot\spring-boot\3.5.0\spring-boot-3.5.0.jar;C:\Users\MyLaptop\.m2\repository\org\springframework\boot\spring-boot-starter-logging\3.5.0\spring-boot-starter-logging-3.5.0.jar;C:\Users\MyLaptop\.m2\repository\ch\qos\logback\logback-classic\1.5.18\logback-classic-1.5.18.jar;C:\Users\MyLaptop\.m2\repository\ch\qos\logback\logback-core\1.5.18\logback-core-1.5.18.jar;C:\Users\MyLaptop\.m2\repository\org\apache\logging\log4j\log4j-to-slf4j\2.24.3\log4j-to-slf4j-2.24.3.jar;C:\Users\MyLaptop\.m2\repository\org\apache\logging\log4j\log4j-api\2.24.3\log4j-api-2.24.3.jar;C:\Users\MyLaptop\.m2\repository\org\slf4j\jul-to-slf4j\2.0.17\jul-to-slf4j-2.0.17.jar;C:\Users\MyLaptop\.m2\repository\jakarta\annotation\jakarta.annotation-api\2.1.1\jakarta.annotation-api-2.1.1.jar;C:\Users\MyLaptop\.m2\repository\org\springframework\boot\spring-boot-starter-jdbc\3.5.0\spring-boot-starter-jdbc-3.5.0.jar;C:\Users\MyLaptop\.m2\repository\com\zaxxer\HikariCP\6.3.0\HikariCP-6.3.0.jar;C:\Users\MyLaptop\.m2\repository\org\springframework\spring-jdbc\6.2.7\spring-jdbc-6.2.7.jar;C:\Users\MyLaptop\.m2\repository\org\hibernate\orm\hibernate-core\6.6.15.Final\hibernate-core-6.6.15.Final.jar;C:\Users\MyLaptop\.m2\repository\jakarta\persistence\jakarta.persistence-api\3.1.0\jakarta.persistence-api-3.1.0.jar;C:\Users\MyLaptop\.m2\repository\jakarta\transaction\jakarta.transaction-api\2.0.1\jakarta.transaction-api-2.0.1.jar;C:\Users\MyLaptop\.m2\repository\org\jboss\logging\jboss-logging\3.6.1.Final\jboss-logging-3.6.1.Final.jar;C:\Users\MyLaptop\.m2\repository\org\hibernate\common\hibernate-commons-annotations\7.0.3.Final\hibernate-commons-a
Launcher Type: SUN_STANDARD

[Global flags]
     intx CICompilerCount                          = 12                                        {product} {ergonomic}
     uint ConcGCThreads                            = 3                                         {product} {ergonomic}
     uint G1ConcRefinementThreads                  = 13                                        {product} {ergonomic}
   size_t G1HeapRegionSize                         = 2097152                                   {product} {ergonomic}
    uintx GCDrainStackTargetSize                   = 64                                        {product} {ergonomic}
   size_t InitialHeapSize                          = 264241152                                 {product} {ergonomic}
     bool ManagementServer                         = true                                      {product} {command line}
   size_t MarkStackSize                            = 4194304                                   {product} {ergonomic}
   size_t MaxHeapSize                              = 4223664128                                {product} {ergonomic}
   size_t MinHeapDeltaBytes                        = 2097152                                   {product} {ergonomic}
   size_t MinHeapSize                              = 8388608                                   {product} {ergonomic}
    uintx NonProfiledCodeHeapSize                  = 0                                      {pd product} {ergonomic}
     bool ProfileInterpreter                       = false                                  {pd product} {command line}
    uintx ProfiledCodeHeapSize                     = 0                                      {pd product} {ergonomic}
   size_t SoftMaxHeapSize                          = 4223664128                             {manageable} {ergonomic}
     intx TieredStopAtLevel                        = 1                                         {product} {command line}
     bool UseCompressedClassPointers               = true                           {product lp64_product} {ergonomic}
     bool UseCompressedOops                        = true                           {product lp64_product} {ergonomic}
     bool UseG1GC                                  = true                                      {product} {ergonomic}
     bool UseLargePagesIndividualAllocation        = false                                  {pd product} {ergonomic}

Logging:
Log output configuration:
 #0: stdout all=warning uptime,level,tags
 #1: stderr all=off uptime,level,tags

Environment Variables:
PATH=C:\WINDOWS\system32;C:\WINDOWS;C:\WINDOWS\System32\Wbem;C:\WINDOWS\System32\WindowsPowerShell\v1.0\;C:\WINDOWS\System32\OpenSSH\;C:\Program Files\Git\cmd;C:\Users\MyLaptop\AppData\Local\Microsoft\WindowsApps;;C:\Users\MyLaptop\.lmstudio\bin
USERNAME=MyLaptop
OS=Windows_NT
PROCESSOR_IDENTIFIER=Intel64 Family 6 Model 141 Stepping 1, GenuineIntel
TMP=C:\Users\MyLaptop\AppData\Local\Temp
TEMP=C:\Users\MyLaptop\AppData\Local\Temp



Periodic native trim disabled


---------------  S Y S T E M  ---------------

OS:
 Windows 11 , 64 bit Build 26100 (10.0.26100.3775)
OS uptime: 0 days 1:51 hours
Hyper-V role detected

CPU: total 16 (initial active 16) (8 cores per cpu, 2 threads per core) family 6 model 141 stepping 1 microcode 0x34, cx8, cmov, fxsr, ht, mmx, 3dnowpref, sse, sse2, sse3, ssse3, sse4.1, sse4.2, popcnt, lzcnt, tsc, tscinvbit, avx, avx2, aes, erms, clmul, bmi1, bmi2, adx, avx512f, avx512dq, avx512cd, avx512bw, avx512vl, sha, fma, vzeroupper, avx512_vpopcntdq, avx512_vpclmulqdq, avx512_vaes, avx512_vnni, clflush, clflushopt, clwb, avx512_vbmi2, avx512_vbmi, hv
Processor Information for all 16 processors :
  Max Mhz: 2304, Current Mhz: 2304, Mhz Limit: 2304

Memory: 4k page, system-wide physical 16106M (4091M free)
TotalPageFile size 16531M (AvailPageFile size 172M)
current process WorkingSet (physical memory assigned to process): 12M, peak: 12M
current process commit charge ("private bytes"): 66M, peak: 318M

vm_info: OpenJDK 64-Bit Server VM (17.0.14+7-LTS) for windows-amd64 JRE (17.0.14+7-LTS), built on Jan  7 2025 20:14:24 by "Administrator" with MS VC++ 16.10 / 16.11 (VS2019)

END.
